MO WHIRLPOOL_WCIPHER_ROUND NULL ../../../src/pbkdf2_hmac_whirlpool/rtl/WHIRLPOOL_WCIPHER_ROUND.v vlg00/_w_h_i_r_l_p_o_o_l___w_c_i_p_h_e_r___r_o_u_n_d.bin 1717763579
MO WHIRLPOOL_WCIPHER_THETA NULL ../../../src/pbkdf2_hmac_whirlpool/rtl/WHIRLPOOL_WCIPHER_THETA.v vlg02/_w_h_i_r_l_p_o_o_l___w_c_i_p_h_e_r___t_h_e_t_a.bin 1717763579
MO WHIRLPOOL_WCIPHER_SBOX NULL ../../../src/pbkdf2_hmac_whirlpool/rtl/whirlpool_wcipher_sbox.v vlg30/_w_h_i_r_l_p_o_o_l___w_c_i_p_h_e_r___s_b_o_x.bin 1717763579
MO WHIRLPOOL_WCIPHER_GAMMA NULL ../../../src/pbkdf2_hmac_whirlpool/rtl/WHIRLPOOL_WCIPHER_GAMMA.v vlg7F/_w_h_i_r_l_p_o_o_l___w_c_i_p_h_e_r___g_a_m_m_a.bin 1717763579
MO top_whirlpool_hash NULL ../../../src/pbkdf2_hmac_whirlpool/rtl/top_whirlpool_hash.v vlg75/top__whirlpool__hash.bin 1717763579
MO key_expansion NULL ../../../src/pbkdf2_hmac_whirlpool/rtl/key_expansion.v vlg29/key__expansion.bin 1717763579
MO Whirlpool_hash NULL ../../../src/pbkdf2_hmac_whirlpool/rtl/Whirlpool_hash.v vlg3B/_whirlpool__hash.bin 1717763579
MO WHIRLPOOL_WCIPHER_PI NULL ../../../src/pbkdf2_hmac_whirlpool/rtl/WHIRLPOOL_WCIPHER_PI.v vlg4D/_w_h_i_r_l_p_o_o_l___w_c_i_p_h_e_r___p_i.bin 1717763579
